{
  "version": "1.5.0",
  "plugins_used": [
    {
      "name": "ArtifactoryDetector"
    },
    {
      "name": "AWSKeyDetector"
    },
    {
      "name": "AzureStorageKeyDetector"
    },
    {
      "name": "Base64HighEntropyString",
      "limit": 4.5
    },
    {
      "name": "BasicAuthDetector"
    },
    {
      "name": "CloudantDetector"
    },
    {
      "name": "DiscordBotTokenDetector"
    },
    {
      "name": "GitHubTokenDetector"
    },
    {
      "name": "GitLabTokenDetector"
    },
    {
      "name": "HexHighEntropyString",
      "limit": 3.0
    },
    {
      "name": "IbmCloudIamDetector"
    },
    {
      "name": "IbmCosHmacDetector"
    },
    {
      "name": "IPPublicDetector"
    },
    {
      "name": "JwtTokenDetector"
    },
    {
      "name": "KeywordDetector",
      "keyword_exclude": ""
    },
    {
      "name": "MailchimpDetector"
    },
    {
      "name": "NpmDetector"
    },
    {
      "name": "OpenAIDetector"
    },
    {
      "name": "PrivateKeyDetector"
    },
    {
      "name": "PypiTokenDetector"
    },
    {
      "name": "SendGridDetector"
    },
    {
      "name": "SlackDetector"
    },
    {
      "name": "SoftlayerDetector"
    },
    {
      "name": "SquareOAuthDetector"
    },
    {
      "name": "StripeDetector"
    },
    {
      "name": "TelegramBotTokenDetector"
    },
    {
      "name": "TwilioKeyDetector"
    }
  ],
  "filters_used": [
    {
      "path": "detect_secrets.filters.allowlist.is_line_allowlisted"
    },
    {
      "path": "detect_secrets.filters.common.is_baseline_file",
      "filename": ".secrets.baseline"
    },
    {
      "path": "detect_secrets.filters.common.is_ignored_due_to_verification_policies",
      "min_level": 2
    },
    {
      "path": "detect_secrets.filters.heuristic.is_indirect_reference"
    },
    {
      "path": "detect_secrets.filters.heuristic.is_likely_id_string"
    },
    {
      "path": "detect_secrets.filters.heuristic.is_lock_file"
    },
    {
      "path": "detect_secrets.filters.heuristic.is_not_alphanumeric_string"
    },
    {
      "path": "detect_secrets.filters.heuristic.is_potential_uuid"
    },
    {
      "path": "detect_secrets.filters.heuristic.is_prefixed_with_dollar_sign"
    },
    {
      "path": "detect_secrets.filters.heuristic.is_sequential_string"
    },
    {
      "path": "detect_secrets.filters.heuristic.is_swagger_file"
    },
    {
      "path": "detect_secrets.filters.heuristic.is_templated_secret"
    }
  ],
  "results": {
    "docs/intent/04-CLAUDE-MD.md": [
      {
        "type": "Secret Keyword",
        "filename": "docs/intent/04-CLAUDE-MD.md",
        "hashed_secret": "a2f2e97de6f7af39a9f208854d9106322af07d27",
        "is_verified": false,
        "line_number": 443,
        "is_secret": false
      }
    ],
    "src/orchestrator/db/migrations/versions/0cef0a513109_add_clarification_tables_and_task_.py": [
      {
        "type": "Hex High Entropy String",
        "filename": "src/orchestrator/db/migrations/versions/0cef0a513109_add_clarification_tables_and_task_.py",
        "hashed_secret": "96a04bd60da2640f289fa9f1657f592b4d0120fb",
        "is_verified": false,
        "line_number": 16,
        "is_secret": false
      }
    ],
    "tests/integration/test_api_auth.py": [
      {
        "type": "Secret Keyword",
        "filename": "tests/integration/test_api_auth.py",
        "hashed_secret": "061f09af082de4789ce3ebaa9a4067096c879e82",
        "is_verified": false,
        "line_number": 25,
        "is_secret": false
      }
    ],
    "tests/integration/test_auto_verify_workflow.py": [
      {
        "type": "Secret Keyword",
        "filename": "tests/integration/test_auto_verify_workflow.py",
        "hashed_secret": "dff6d4ff5dc357cf451d1855ab9cbda562645c9f",
        "is_verified": false,
        "line_number": 443,
        "is_secret": false
      }
    ],
    "tests/unit/test_auth.py": [
      {
        "type": "Secret Keyword",
        "filename": "tests/unit/test_auth.py",
        "hashed_secret": "5c5a15a8b0b3e154d77746945e563ba40100681b",
        "is_verified": false,
        "line_number": 36,
        "is_secret": false
      }
    ],
    "tests/unit/test_workflow_engine.py": [
      {
        "type": "Secret Keyword",
        "filename": "tests/unit/test_workflow_engine.py",
        "hashed_secret": "e673920b7e2660b157b1e094c31d812a188b8c6e",
        "is_verified": false,
        "line_number": 510,
        "is_secret": false
      },
      {
        "type": "Secret Keyword",
        "filename": "tests/unit/test_workflow_engine.py",
        "hashed_secret": "6af3c121ed4a752936c297cddfb7b00394eabf10",
        "is_verified": false,
        "line_number": 543,
        "is_secret": false
      }
    ]
  },
  "generated_at": "2026-02-07T04:39:31Z"
}
