ruff (legacy alias)......................................................Passed
- hook id: ruff
- duration: 0.02s

All checks passed!

ruff format..............................................................Passed
- hook id: ruff-format
- duration: 0.01s

44 files left unchanged

Detect hardcoded secrets.................................................Passed
- hook id: gitleaks
- duration: 0.04s

○
    │╲
    │ ○
    ○ ░
    ░    gitleaks

[90m9:52AM[0m [32mINF[0m 0 commits scanned.
[90m9:52AM[0m [32mINF[0m scan completed in 20.9ms
[90m9:52AM[0m [32mINF[0m no leaks found

pyright..................................................................Passed
- hook id: pyright
- duration: 11.84s

0 errors, 0 warnings, 0 informations
WARNING: there is a new pyright version available (v1.1.408 -> v1.1.414).
Please install the new version or set PYRIGHT_PYTHON_FORCE_VERSION to `latest`

graph-projection-boundaries..............................................Passed
- hook id: graph-projection-boundaries
- duration: 8.72s
pytest...................................................................Failed
- hook id: pytest
- duration: 62.25s
- exit code: 2

============================= test session starts ==============================
platform darwin -- Python 3.12.12, pytest-9.0.2, pluggy-1.6.0
rootdir: /Users/peter/code/task-world/worktrees/recovery-stabilization
configfile: pyproject.toml
testpaths: tests
plugins: anyio-4.9.0, libtmux-0.53.0, xdist-3.8.0, timeout-2.4.0, hypothesis-6.156.1, asyncio-1.3.0, testmon-2.2.0
timeout: 30.0s
timeout method: signal
timeout func_only: False
asyncio: mode=Mode.AUTO, debug=False, asyncio_default_fixture_loop_scope=module, asyncio_default_test_loop_scope=function
created: 8/8 workers
8 workers [6087 items]

........................................................................ [  1%]
........................................................................ [  2%]
........................................................................ [  3%]
........................................................................ [  4%]
........................................................................ [  5%]
........................................................................ [  7%]
........................................................................ [  8%]
........................................................................ [  9%]
........................................................................ [ 10%]
........................................................................ [ 11%]
........................................................................ [ 13%]
........................................................................ [ 14%]
........................................................................ [ 15%]
........................................................................ [ 16%]
........................................................................ [ 17%]
........................................................................ [ 18%]
........................................................................ [ 20%]
........................................................................ [ 21%]
........................................................................ [ 22%]
........................................................................ [ 23%]
........................................................................ [ 24%]
........................................................................ [ 26%]
........................................................................ [ 27%]
........................................................................ [ 28%]
........................................................................ [ 29%]
........................................................................ [ 30%]
........................................................................ [ 31%]
........................................................................ [ 33%]
........................................................................ [ 34%]
........................................................................ [ 35%]
........................................................................ [ 36%]
........................................................................ [ 37%]
........................................................................ [ 39%]
........................................................................ [ 40%]
........................................................................ [ 41%]
........................................................................ [ 42%]
........................................................................ [ 43%]
........................................................................ [ 44%]
........................................................................ [ 46%]
........................................................................ [ 47%]
........................................................................ [ 48%]
.................................................................s...... [ 49%]
........................................................................ [ 50%]
........................................................................ [ 52%]
........................................................................ [ 53%]
........................................................................ [ 54%]
........................................................................ [ 55%]
........................................................................ [ 56%]
..........................F............................................. [ 57%]
.................................
=================================== FAILURES ===================================
_ test_reclaim_stale_child_refuses_when_zombie_leader_has_live_group_member[0] _
[gw2] darwin -- Python 3.12.12 /Users/peter/code/task-world/worktrees/recovery-stabilization/.venv/bin/python

tmp_path = PosixPath('/private/var/folders/sb/19pvn34j4116vwhtsttw0hbr0000gn/T/pytest-of-peter/pytest-647/popen-gw2/test_reclaim_stale_child_refus1')
_iteration = 0

    @pytest.mark.parametrize("_iteration", range(3))
    def test_reclaim_stale_child_refuses_when_zombie_leader_has_live_group_member(
        tmp_path: Path, _iteration: int
    ) -> None:
        descendant_path = tmp_path / "descendant.pid"
        code = """
    import os
    import sys
    import time
    from pathlib import Path
    
    descendant = os.fork()
    if descendant == 0:
        time.sleep(60)
        raise SystemExit(0)
    Path(sys.argv[1]).write_text(str(descendant), encoding="utf-8")
    time.sleep(60)
    """
        command = (sys.executable, "-c", code, str(descendant_path))
        leader = subprocess.Popen(command, start_new_session=True)
        descendant_identity: ProcessIdentity | None = None
        try:
            deadline = time.monotonic() + 5
            while not descendant_path.exists() and time.monotonic() < deadline:
                time.sleep(0.05)
>           descendant_pid = int(descendant_path.read_text(encoding="utf-8"))
                             ^^^^^^^^^^^^^^^^^^^^^^^^^^^^^^^^^^^^^^^^^^^^^^^^
E           ValueError: invalid literal for int() with base 10: ''

tests/unit/test_server_supervisor.py:489: ValueError

During handling of the above exception, another exception occurred:

tmp_path = PosixPath('/private/var/folders/sb/19pvn34j4116vwhtsttw0hbr0000gn/T/pytest-of-peter/pytest-647/popen-gw2/test_reclaim_stale_child_refus1')
_iteration = 0

    @pytest.mark.parametrize("_iteration", range(3))
    def test_reclaim_stale_child_refuses_when_zombie_leader_has_live_group_member(
        tmp_path: Path, _iteration: int
    ) -> None:
        descendant_path = tmp_path / "descendant.pid"
        code = """
    import os
    import sys
    import time
    from pathlib import Path
    
    descendant = os.fork()
    if descendant == 0:
        time.sleep(60)
        raise SystemExit(0)
    Path(sys.argv[1]).write_text(str(descendant), encoding="utf-8")
    time.sleep(60)
    """
        command = (sys.executable, "-c", code, str(descendant_path))
        leader = subprocess.Popen(command, start_new_session=True)
        descendant_identity: ProcessIdentity | None = None
        try:
            deadline = time.monotonic() + 5
            while not descendant_path.exists() and time.monotonic() < deadline:
                time.sleep(0.05)
            descendant_pid = int(descendant_path.read_text(encoding="utf-8"))
            leader_identity = _capture_identity(leader.pid)
            descendant_identity = _capture_identity(descendant_pid)
            assert descendant_identity.process_group_id == leader.pid
            state = _state(tmp_path, pid=999_999_999).model_copy(
                update={
                    "child_pid": leader.pid,
                    "child_process_group_id": leader.pid,
                    "child_create_time": leader_identity.create_time,
                    "command": leader_identity.command,
                }
            )
            os.kill(leader.pid, signal.SIGKILL)
            deadline = time.monotonic() + 5
            while psutil.Process(leader.pid).status() != psutil.STATUS_ZOMBIE:
                if time.monotonic() >= deadline:
                    raise AssertionError("leader did not become an unreaped zombie")
                time.sleep(0.05)
    
            result = reclaim_stale_child(state, grace_seconds=0)
    
            assert result.outcome == "refused"
            assert "still has live members" in result.detail
            assert str(descendant_pid) in result.detail
            assert inspect_process_identity(descendant_pid).outcome == "available"
        finally:
            if descendant_identity is not None:
                _kill_exact_process(descendant_identity)
>           leader.wait(timeout=5)

tests/unit/test_server_supervisor.py:517: 
_ _ _ _ _ _ _ _ _ _ _ _ _ _ _ _ _ _ _ _ _ _ _ _ _ _ _ _ _ _ _ _ _ _ _ _ _ _ _ _ 
../../../../.local/share/uv/python/cpython-3.12.12-macos-aarch64-none/lib/python3.12/subprocess.py:1264: in wait
    return self._wait(timeout=timeout)
           ^^^^^^^^^^^^^^^^^^^^^^^^^^^
_ _ _ _ _ _ _ _ _ _ _ _ _ _ _ _ _ _ _ _ _ _ _ _ _ _ _ _ _ _ _ _ _ _ _ _ _ _ _ _ 

self = <Popen: returncode: None args: ('/Users/peter/code/task-world/worktrees/reco...>
timeout = 5

    def _wait(self, timeout):
        """Internal implementation of wait() on POSIX."""
        if self.returncode is not None:
            return self.returncode
    
        if timeout is not None:
            endtime = _time() + timeout
            # Enter a busy loop if we have a timeout.  This busy loop was
            # cribbed from Lib/threading.py in Thread.wait() at r71065.
            delay = 0.0005 # 500 us -> initial delay of 1 ms
            while True:
                if self._waitpid_lock.acquire(False):
                    try:
                        if self.returncode is not None:
                            break  # Another thread waited.
                        (pid, sts) = self._try_wait(os.WNOHANG)
                        assert pid == self.pid or pid == 0
                        if pid == self.pid:
                            self._handle_exitstatus(sts)
                            break
                    finally:
                        self._waitpid_lock.release()
                remaining = self._remaining_time(endtime)
                if remaining <= 0:
>                   raise TimeoutExpired(self.args, timeout)
E                   subprocess.TimeoutExpired: Command '('/Users/peter/code/task-world/worktrees/recovery-stabilization/.venv/bin/python', '-c', '\nimport os\nimport sys\nimport time\nfrom pathlib import Path\n\ndescendant = os.fork()\nif descendant == 0:\n    time.sleep(60)\n    raise SystemExit(0)\nPath(sys.argv[1]).write_text(str(descendant), encoding="utf-8")\ntime.sleep(60)\n', '/private/var/folders/sb/19pvn34j4116vwhtsttw0hbr0000gn/T/pytest-of-peter/pytest-647/popen-gw2/test_reclaim_stale_child_refus1/descendant.pid')' timed out after 5 seconds

../../../../.local/share/uv/python/cpython-3.12.12-macos-aarch64-none/lib/python3.12/subprocess.py:2045: TimeoutExpired
=============================== warnings summary ===============================
tests/unit/test_graph_dispatch_on_output.py::test_graph_mcp_route_mounted_during_execute_and_unmounted_after
  /Users/peter/code/task-world/worktrees/recovery-stabilization/.venv/lib/python3.12/site-packages/pydantic/json_schema.py:2448: PydanticJsonSchemaWarning: Default value <object object at 0x10a1ab460> is not JSON serializable; excluding default from JSON schema [non-serializable-default]
    warnings.warn(message, PydanticJsonSchemaWarning)

tests/unit/test_graph_runner_boundary_commands.py::test_recovery_authority_collapses_identical_roots_retained_in_phase_history
  /Users/peter/code/task-world/worktrees/recovery-stabilization/src/orchestrator/graph/projection_collections.py:98: UserWarning: Pydantic serializer warnings:
    PydanticSerializationUnexpectedValue(Expected `RunnerCacheRoot` - serialized value may not be as expected [field_name='baseline_cache_roots', input_value={'path': '.pytest_cache', 'kind': 'ignored'}, input_type=dict])
    PydanticSerializationUnexpectedValue(Expected `str` - serialized value may not be as expected [field_name='baseline_cache_roots', input_value={'path': '.pytest_cache', 'kind': 'ignored'}, input_type=dict])
    PydanticSerializationUnexpectedValue(Expected `RunnerCacheRoot` - serialized value may not be as expected [field_name='baseline_cache_roots', input_value={'path': '.pytest_cache', 'kind': 'ignored'}, input_type=dict])
    PydanticSerializationUnexpectedValue(Expected `str` - serialized value may not be as expected [field_name='baseline_cache_roots', input_value={'path': '.pytest_cache', 'kind': 'ignored'}, input_type=dict])
    return handler(dict(backend))

tests/unit/test_projectors.py::test_run_status_changed_clears_completed_at_for_recovery_pause
tests/unit/test_projectors.py::test_clarification_responded_clears_pending
tests/unit/test_projectors.py::test_clarification_responded_empty_answers_inserts_response_row
  /Users/peter/code/task-world/worktrees/recovery-stabilization/.venv/lib/python3.12/site-packages/aiosqlite/core.py:63: DeprecationWarning: The default datetime adapter is deprecated as of Python 3.12; see the sqlite3 documentation for suggested replacement recipes
    result = function()

-- Docs: https://docs.pytest.org/en/stable/how-to/capture-warnings.html
=========================== short test summary info ============================
FAILED tests/unit/test_server_supervisor.py::test_reclaim_stale_child_refuses_when_zombie_leader_has_live_group_member[0]
!!!!!!!!!!!!!!!!!!!!!!!!!! stopping after 1 failures !!!!!!!!!!!!!!!!!!!!!!!!!!!
!!!!!!!!!!!! xdist.dsession.Interrupted: stopping after 1 failures !!!!!!!!!!!!!
======= 1 failed, 3559 passed, 1 skipped, 5 warnings in 60.55s (0:01:00) =======

module-imports...........................................................Passed
- hook id: module-imports
- duration: 0.25s
signal-routing...........................................................Passed
- hook id: signal-routing
- duration: 0.19s
enum-drift...........................................(no files to check)Skipped
- hook id: enum-drift
ui-lint..................................................................Passed
- hook id: ui-lint
- duration: 7.86s

> ui@0.0.0 lint
> eslint .

ui-typecheck.............................................................Passed
- hook id: ui-typecheck
- duration: 3.52s

> ui@0.0.0 typecheck
> tsc -b

